================================================================================
HPLinpack 2.3  --  High-Performance Linpack benchmark  --   December 2, 2018
Written by A. Petitet and R. Clint Whaley,  Innovative Computing Laboratory, UTK
Modified by Piotr Luszczek, Innovative Computing Laboratory, UTK
Modified by Julien Langou, University of Colorado Denver
================================================================================

An explanation of the input/output parameters follows:
T/V    : Wall time / encoded variant.
N      : The order of the coefficient matrix A.
NB     : The partitioning blocking factor.
P      : The number of process rows.
Q      : The number of process columns.
Time   : Time in seconds to solve the linear system.
Gflops : Rate of execution for solving the linear system.

The following parameter values will be used:

N      :     768     1344     5376 
NB     :     128      196      224      768 
PMAP   : Row-major process mapping
P      :       1 
Q      :       1 
PFACT  :   Right 
NBMIN  :       4 
NDIV   :       2 
RFACT  :   Crout 
BCAST  :  1ringM 
DEPTH  :       1 
SWAP   : Mix (threshold = 64)
L1     : transposed form
U      : transposed form
EQUIL  : yes
ALIGN  : 8 double precision words

--------------------------------------------------------------------------------

- The matrix A is randomly generated for each test.
- The following scaled residual check will be computed:
      ||Ax-b||_oo / ( eps * ( || x ||_oo * || A ||_oo + || b ||_oo ) * N )
- The relative machine precision (eps) is taken to be               1.110223e-16
- Computational tests pass if scaled residuals are less than                16.0

================================================================================
T/V                N    NB     P     Q               Time                 Gflops
--------------------------------------------------------------------------------
WR11C2R4         768   128     1     1               0.09             3.4673e+00
HPL_pdgesv() start time Fri Jun  7 14:30:12 2024

HPL_pdgesv() end time   Fri Jun  7 14:30:12 2024

--------------------------------------------------------------------------------
||Ax-b||_oo/(eps*(||A||_oo*||x||_oo+||b||_oo)*N)=   5.58962269e-03 ...... PASSED
================================================================================
T/V                N    NB     P     Q               Time                 Gflops
--------------------------------------------------------------------------------
WR11C2R4         768   196     1     1               0.01             2.8547e+01
HPL_pdgesv() start time Fri Jun  7 14:30:12 2024

HPL_pdgesv() end time   Fri Jun  7 14:30:12 2024

--------------------------------------------------------------------------------
||Ax-b||_oo/(eps*(||A||_oo*||x||_oo+||b||_oo)*N)=   4.23876273e-03 ...... PASSED
================================================================================
T/V                N    NB     P     Q               Time                 Gflops
--------------------------------------------------------------------------------
WR11C2R4         768   224     1     1               0.01             2.8304e+01
HPL_pdgesv() start time Fri Jun  7 14:30:12 2024

HPL_pdgesv() end time   Fri Jun  7 14:30:12 2024

--------------------------------------------------------------------------------
||Ax-b||_oo/(eps*(||A||_oo*||x||_oo+||b||_oo)*N)=   5.29310927e-03 ...... PASSED
================================================================================
T/V                N    NB     P     Q               Time                 Gflops
--------------------------------------------------------------------------------
WR11C2R4         768   768     1     1               0.02             1.8333e+01
HPL_pdgesv() start time Fri Jun  7 14:30:12 2024

HPL_pdgesv() end time   Fri Jun  7 14:30:13 2024

--------------------------------------------------------------------------------
||Ax-b||_oo/(eps*(||A||_oo*||x||_oo+||b||_oo)*N)=   5.01728284e-03 ...... PASSED
================================================================================
T/V                N    NB     P     Q               Time                 Gflops
--------------------------------------------------------------------------------
WR11C2R4        1344   128     1     1               0.04             3.6523e+01
HPL_pdgesv() start time Fri Jun  7 14:30:13 2024

HPL_pdgesv() end time   Fri Jun  7 14:30:13 2024

--------------------------------------------------------------------------------
||Ax-b||_oo/(eps*(||A||_oo*||x||_oo+||b||_oo)*N)=   3.61694901e-03 ...... PASSED
================================================================================
T/V                N    NB     P     Q               Time                 Gflops
--------------------------------------------------------------------------------
WR11C2R4        1344   196     1     1               0.05             3.5923e+01
HPL_pdgesv() start time Fri Jun  7 14:30:13 2024

HPL_pdgesv() end time   Fri Jun  7 14:30:13 2024

--------------------------------------------------------------------------------
||Ax-b||_oo/(eps*(||A||_oo*||x||_oo+||b||_oo)*N)=   3.66147475e-03 ...... PASSED
================================================================================
T/V                N    NB     P     Q               Time                 Gflops
--------------------------------------------------------------------------------
WR11C2R4        1344   224     1     1               0.05             3.5654e+01
HPL_pdgesv() start time Fri Jun  7 14:30:13 2024

HPL_pdgesv() end time   Fri Jun  7 14:30:13 2024

--------------------------------------------------------------------------------
||Ax-b||_oo/(eps*(||A||_oo*||x||_oo+||b||_oo)*N)=   3.76549610e-03 ...... PASSED
================================================================================
T/V                N    NB     P     Q               Time                 Gflops
--------------------------------------------------------------------------------
WR11C2R4        1344   768     1     1               0.05             3.1031e+01
HPL_pdgesv() start time Fri Jun  7 14:30:14 2024

HPL_pdgesv() end time   Fri Jun  7 14:30:14 2024

--------------------------------------------------------------------------------
||Ax-b||_oo/(eps*(||A||_oo*||x||_oo+||b||_oo)*N)=   4.41802856e-03 ...... PASSED
================================================================================
T/V                N    NB     P     Q               Time                 Gflops
--------------------------------------------------------------------------------
WR11C2R4        5376   128     1     1               2.46             4.2051e+01
HPL_pdgesv() start time Fri Jun  7 14:30:17 2024

HPL_pdgesv() end time   Fri Jun  7 14:30:19 2024

--------------------------------------------------------------------------------
||Ax-b||_oo/(eps*(||A||_oo*||x||_oo+||b||_oo)*N)=   3.39876123e-03 ...... PASSED
================================================================================
T/V                N    NB     P     Q               Time                 Gflops
--------------------------------------------------------------------------------
WR11C2R4        5376   196     1     1               2.42             4.2755e+01
HPL_pdgesv() start time Fri Jun  7 14:30:24 2024

HPL_pdgesv() end time   Fri Jun  7 14:30:27 2024

--------------------------------------------------------------------------------
||Ax-b||_oo/(eps*(||A||_oo*||x||_oo+||b||_oo)*N)=   2.98403758e-03 ...... PASSED
================================================================================
T/V                N    NB     P     Q               Time                 Gflops
--------------------------------------------------------------------------------
WR11C2R4        5376   224     1     1               2.41             4.2933e+01
HPL_pdgesv() start time Fri Jun  7 14:30:32 2024

HPL_pdgesv() end time   Fri Jun  7 14:30:34 2024

--------------------------------------------------------------------------------
||Ax-b||_oo/(eps*(||A||_oo*||x||_oo+||b||_oo)*N)=   3.55202700e-03 ...... PASSED
================================================================================
T/V                N    NB     P     Q               Time                 Gflops
--------------------------------------------------------------------------------
WR11C2R4        5376   768     1     1               2.40             4.3159e+01
HPL_pdgesv() start time Fri Jun  7 14:30:40 2024

HPL_pdgesv() end time   Fri Jun  7 14:30:42 2024

--------------------------------------------------------------------------------
||Ax-b||_oo/(eps*(||A||_oo*||x||_oo+||b||_oo)*N)=   3.41906158e-03 ...... PASSED
================================================================================

Finished     12 tests with the following results:
             12 tests completed and passed residual checks,
              0 tests completed and failed residual checks,
              0 tests skipped because of illegal input values.
--------------------------------------------------------------------------------

End of Tests.
================================================================================
